// Jest Snapshot v1, https://goo.gl/fbAQLP

exports[`Word page: render & usage Matches snapshot 1`] = `
[
  <header>
    <div
      className="topBarSpacer"
    />
    <nav
      className="section"
    >
      <div
        className="topbar container"
      >
        <a
          href="/"
          onClick={[Function]}
          onMouseEnter={[Function]}
          onTouchStart={[Function]}
        >
          <img
            alt="To home"
            data-nimg="1"
            decoding="async"
            height={30}
            loading="lazy"
            onError={[Function]}
            onLoad={[Function]}
            src="/_next/image?url=%2Ffavicon-48x48.png&w=64&q=75"
            srcSet="/_next/image?url=%2Ffavicon-48x48.png&w=32&q=75 1x, /_next/image?url=%2Ffavicon-48x48.png&w=64&q=75 2x"
            style={
              {
                "color": "transparent",
              }
            }
            width={30}
          />
        </a>
        <div
          aria-label="Open menu"
          className="hamburger"
          onClick={[Function]}
          role="button"
        >
          <span
            className="part"
          />
          <span
            className="part"
          />
          <span
            className="part"
          />
        </div>
      </div>
      <div
        className="content null container"
      >
        <ul
          className="list"
        >
          <li
            className="listItem"
          >
            <a
              className="link"
              href="/letter/a"
              onClick={[Function]}
              onMouseEnter={[Function]}
              onTouchStart={[Function]}
            >
              a
            </a>
          </li>
          <li
            className="listItem"
          >
            <a
              className="link"
              href="/letter/a2"
              onClick={[Function]}
              onMouseEnter={[Function]}
              onTouchStart={[Function]}
            >
              á
            </a>
          </li>
          <li
            className="listItem"
          >
            <a
              className="link"
              href="/letter/b"
              onClick={[Function]}
              onMouseEnter={[Function]}
              onTouchStart={[Function]}
            >
              b
            </a>
          </li>
          <li
            className="listItem"
          >
            <a
              className="link"
              href="/letter/d"
              onClick={[Function]}
              onMouseEnter={[Function]}
              onTouchStart={[Function]}
            >
              d
            </a>
          </li>
          <li
            className="listItem"
          >
            <a
              className="link"
              href="/letter/e"
              onClick={[Function]}
              onMouseEnter={[Function]}
              onTouchStart={[Function]}
            >
              e
            </a>
          </li>
          <li
            className="listItem"
          >
            <a
              className="link"
              href="/letter/e2"
              onClick={[Function]}
              onMouseEnter={[Function]}
              onTouchStart={[Function]}
            >
              é
            </a>
          </li>
          <li
            className="listItem"
          >
            <a
              className="link"
              href="/letter/f"
              onClick={[Function]}
              onMouseEnter={[Function]}
              onTouchStart={[Function]}
            >
              f
            </a>
          </li>
          <li
            className="listItem"
          >
            <a
              className="link"
              href="/letter/g"
              onClick={[Function]}
              onMouseEnter={[Function]}
              onTouchStart={[Function]}
            >
              g
            </a>
          </li>
          <li
            className="listItem"
          >
            <a
              className="link"
              href="/letter/h"
              onClick={[Function]}
              onMouseEnter={[Function]}
              onTouchStart={[Function]}
            >
              h
            </a>
          </li>
          <li
            className="listItem"
          >
            <a
              className="link"
              href="/letter/i"
              onClick={[Function]}
              onMouseEnter={[Function]}
              onTouchStart={[Function]}
            >
              i
            </a>
          </li>
          <li
            className="listItem"
          >
            <a
              className="link"
              href="/letter/i2"
              onClick={[Function]}
              onMouseEnter={[Function]}
              onTouchStart={[Function]}
            >
              í
            </a>
          </li>
          <li
            className="listItem"
          >
            <a
              className="link"
              href="/letter/j"
              onClick={[Function]}
              onMouseEnter={[Function]}
              onTouchStart={[Function]}
            >
              j
            </a>
          </li>
          <li
            className="listItem"
          >
            <a
              className="link"
              href="/letter/k"
              onClick={[Function]}
              onMouseEnter={[Function]}
              onTouchStart={[Function]}
            >
              k
            </a>
          </li>
          <li
            className="listItem"
          >
            <a
              className="link"
              href="/letter/l"
              onClick={[Function]}
              onMouseEnter={[Function]}
              onTouchStart={[Function]}
            >
              l
            </a>
          </li>
          <li
            className="listItem"
          >
            <a
              className="link"
              href="/letter/m"
              onClick={[Function]}
              onMouseEnter={[Function]}
              onTouchStart={[Function]}
            >
              m
            </a>
          </li>
          <li
            className="listItem"
          >
            <a
              className="link"
              href="/letter/n"
              onClick={[Function]}
              onMouseEnter={[Function]}
              onTouchStart={[Function]}
            >
              n
            </a>
          </li>
          <li
            className="listItem"
          >
            <a
              className="link"
              href="/letter/o"
              onClick={[Function]}
              onMouseEnter={[Function]}
              onTouchStart={[Function]}
            >
              o
            </a>
          </li>
          <li
            className="listItem"
          >
            <a
              className="link"
              href="/letter/o2"
              onClick={[Function]}
              onMouseEnter={[Function]}
              onTouchStart={[Function]}
            >
              ó
            </a>
          </li>
          <li
            className="listItem"
          >
            <a
              className="link"
              href="/letter/p"
              onClick={[Function]}
              onMouseEnter={[Function]}
              onTouchStart={[Function]}
            >
              p
            </a>
          </li>
          <li
            className="listItem"
          >
            <a
              className="link"
              href="/letter/r"
              onClick={[Function]}
              onMouseEnter={[Function]}
              onTouchStart={[Function]}
            >
              r
            </a>
          </li>
          <li
            className="listItem"
          >
            <a
              className="link"
              href="/letter/s"
              onClick={[Function]}
              onMouseEnter={[Function]}
              onTouchStart={[Function]}
            >
              s
            </a>
          </li>
          <li
            className="listItem"
          >
            <a
              className="link"
              href="/letter/t"
              onClick={[Function]}
              onMouseEnter={[Function]}
              onTouchStart={[Function]}
            >
              t
            </a>
          </li>
          <li
            className="listItem"
          >
            <a
              className="link"
              href="/letter/u"
              onClick={[Function]}
              onMouseEnter={[Function]}
              onTouchStart={[Function]}
            >
              u
            </a>
          </li>
          <li
            className="listItem"
          >
            <a
              className="link"
              href="/letter/u2"
              onClick={[Function]}
              onMouseEnter={[Function]}
              onTouchStart={[Function]}
            >
              ú
            </a>
          </li>
          <li
            className="listItem"
          >
            <a
              className="link"
              href="/letter/v"
              onClick={[Function]}
              onMouseEnter={[Function]}
              onTouchStart={[Function]}
            >
              v
            </a>
          </li>
          <li
            className="listItem"
          >
            <a
              className="link"
              href="/letter/y"
              onClick={[Function]}
              onMouseEnter={[Function]}
              onTouchStart={[Function]}
            >
              y
            </a>
          </li>
          <li
            className="listItem"
          >
            <a
              className="link"
              href="/letter/y2"
              onClick={[Function]}
              onMouseEnter={[Function]}
              onTouchStart={[Function]}
            >
              ý
            </a>
          </li>
          <li
            className="listItem"
          >
            <a
              className="link"
              href="/letter/th"
              onClick={[Function]}
              onMouseEnter={[Function]}
              onTouchStart={[Function]}
            >
              þ
            </a>
          </li>
          <li
            className="listItem"
          >
            <a
              className="link"
              href="/letter/ae"
              onClick={[Function]}
              onMouseEnter={[Function]}
              onTouchStart={[Function]}
            >
              æ
            </a>
          </li>
          <li
            className="listItem"
          >
            <a
              className="link"
              href="/letter/oe3"
              onClick={[Function]}
              onMouseEnter={[Function]}
              onTouchStart={[Function]}
            >
              œ
            </a>
          </li>
          <li
            className="listItem"
          >
            <a
              className="link"
              href="/letter/oe"
              onClick={[Function]}
              onMouseEnter={[Function]}
              onTouchStart={[Function]}
            >
              ö
            </a>
          </li>
        </ul>
        <form
          className="form"
          onSubmit={[Function]}
        >
          <input
            aria-label="Search"
            className="input"
            name="search"
            onChange={[Function]}
            type="search"
            value=""
          />
          <button
            className="button button--secondary button--no-margs"
            name="submit"
            type="submit"
          >
            Search
          </button>
        </form>
      </div>
    </nav>
    <nav
      className="section"
    >
      <div
        className="container"
      >
        <a
          className="link"
          href="/"
          onClick={[Function]}
          onMouseEnter={[Function]}
          onTouchStart={[Function]}
        >
          Old Norwegian Dictionary
        </a>
        <a
          className="link"
          href="/letter/th"
          onClick={[Function]}
          onMouseEnter={[Function]}
          onTouchStart={[Function]}
        >
          Letter Þ
        </a>
        <a
          className="link"
          href="/word/thralyndi"
          onClick={[Function]}
          onMouseEnter={[Function]}
          onTouchStart={[Function]}
        >
          Þrályndi
        </a>
        <script
          dangerouslySetInnerHTML={
            {
              "__html": "{"@context":"https://schema.org/","@type":"BreadcrumbList","itemListElement":[{"@type":"ListItem","position":1,"name":"Old Norwegian Dictionary","item":"undefined/"},{"@type":"ListItem","position":2,"name":"Letter Þ","item":"undefined/letter/th"},{"@type":"ListItem","position":3,"name":"Þrályndi","item":"undefined/word/thralyndi"}]}",
            }
          }
          type="application/ld+json"
        />
      </div>
    </nav>
  </header>,
  <main
    className="container"
  >
    <article
      className="section"
    >
      <header>
        <h1
          lang="non"
        >
          Þrályndi
        </h1>
        <small
          className="subHeading"
        >
          Old Norwegian Dictionary - 
          þrályndi
        </small>
        <p>
          Meaning of Old Norwegian word 
          <em>
            "
            þrályndi
            "
          </em>
           in Norwegian.
        </p>
        <p>
          As defined by the Johan Fritzer's Old Norwegian dictionary:
        </p>
      </header>
      <dl
        className="definitionList"
      >
        <dt>
          <strong>
            þrályndi
          </strong>
           
        </dt>
        <dd
          className="itemDescription"
          dangerouslySetInnerHTML={
            {
              "__html": "þrályndi, n. d. s.; hélt honum aptr fornsiðvenja ok mykyt þrályndi Bar<abbr title="Linje.">L.</abbr> 12524;Fgrd<abbr title="Linje.">L.</abbr> 5816.",
            }
          }
          lang="nor"
        />
      </dl>
      <p>
        <strong>
          Part of speech:
        </strong>
         
        <em>
          n
        </em>
      </p>
      <p>
        Possible runic inscription in 
        <em>
          Medieval Futhork:
        </em>
        <span
          className="rune"
        >
          ᚦᚱᛆᛚᛦᚿᚦᛁ
        </span>
        <br />
        <small>
          Medieval Runes were used in Norway from 11th to 15th centuries.
        </small>
        <br />
        <small>
          Futhork was a continuation of earlier Younger Futhark runes, which were used to write Old Norse.
        </small>
      </p>
      <div
        className="abbreviations"
      >
        <div
          className="column"
        >
          <h4>
            Abbreviations used:
          </h4>
          <dl
            className="wrap"
          >
            <dt
              className="abbreviation"
            >
              <strong>
                f.
              </strong>
            </dt>
            <dd
              className="explanation"
            >
              Feminin.
            </dd>
          </dl>
          <dl
            className="wrap"
          >
            <dt
              className="abbreviation"
            >
              <strong>
                L.
              </strong>
            </dt>
            <dd
              className="explanation"
            >
              Linje.
            </dd>
          </dl>
          <dl
            className="wrap"
          >
            <dt
              className="abbreviation"
            >
              <strong>
                m.
              </strong>
            </dt>
            <dd
              className="explanation"
            >
              Masculin.
            </dd>
          </dl>
        </div>
      </div>
      <br />
      <h4>
        Also available in related dictionaries:
      </h4>
      <p>
        This headword also appears in dictionaries of other languages related to Old Norwegian.
      </p>
      <ul
        className="list"
      >
        <li
          className="listItem"
        >
          <a
            href="https://old-icelandic.vercel.app/word/fadir"
            rel="noopener noreferrer"
            target="_blank"
          >
            Old Icelandic - Geir Zoëga's Dictionary
          </a>
        </li>
        <li
          className="listItem"
        >
          <a
            href="https://old-swedish-dictionary.vercel.app/word/fadhir"
            rel="noopener noreferrer"
            target="_blank"
          >
            Old Swedish - K.F Söderwall's Dictionary
          </a>
        </li>
      </ul>
    </article>
    <a
      className="button"
      onClick={[Function]}
    >
      Back
    </a>
    <div
      aria-label="Back to top"
      className="backToTop"
      onClick={[Function]}
      role="button"
    >
      ↑
    </div>
  </main>,
  <footer
    className="section"
  >
    <div
      className="container"
    >
      <section
        className="section"
      >
        <h2>
          About
        </h2>
        <p>
          Based on "Dictionary of the Old Norwegian Language."
        </p>
        <p>
          Its is the largest Old Norse to Norwegian dictionary, containing over 40 000 word definitions. While the original dictionary is called dictionary of "Old Norwegian", it is practically a dictionary of western Old Norse. Technically "Old Norwegian" would be a later stage in the language.
        </p>
        <p>
          It was published in 1800s, which leads to there being public domain versions of the book available.
        </p>
      </section>
      <section
        className="section"
      >
        <h3
          className="h4"
        >
          Old Norwegian language
        </h3>
        <p>
          Old Norwegian is a early form of Norwegian language that was used from 11th to 14th century. It developed from Old West Norse.
        </p>
        <p>
          Also known as "Norwegian Norse", or "gammelnorsk" in modern Norwegian
        </p>
      </section>
      <section
        className="section"
      >
        <h4>
          Old Norse language
        </h4>
        <p>
          Old Norse was a North Germanic language that was spoken by inhabitants of Scandinavia and their overseas settlements from about the 7th to the 15th centuries.
        </p>
        <p>
          Also known as "the viking language", "Old Nordic", or "Old Scandinavian"
        </p>
      </section>
      <div
        className="navs"
      >
        <nav
          className="nav"
        >
          <h4
            className="navTitle"
          >
            Dictionary project
          </h4>
          <ul>
            <li>
              <a
                href="https://github.com/stscoundrel/old-norwegian-dictionary-next"
                rel="noopener noreferrer"
                target="_blank"
              >
                Source code
              </a>
            </li>
            <li>
              <a
                href="https://github.com/stscoundrel/old-norwegian-dictionary"
                rel="noopener noreferrer"
                target="_blank"
              >
                Data source
              </a>
            </li>
            <li>
              <a
                href="https://github.com/stscoundrel/old-norwegian-dictionary-abbreviations"
                rel="noopener noreferrer"
                target="_blank"
              >
                Abbreviations
              </a>
            </li>
            <li>
              <a
                href="https://github.com/stscoundrel/futhork"
                rel="noopener noreferrer"
                target="_blank"
              >
                Medieval Futhork Runes
              </a>
            </li>
          </ul>
        </nav>
        <nav
          className="nav"
        >
          <h4
            className="navTitle"
          >
            Related dictionary projects
          </h4>
          <ul>
            <li>
              <a
                href="https://old-swedish-dictionary.vercel.app/"
                rel="noopener noreferrer"
                target="_blank"
              >
                K.F Söderwall's Old Swedish Dictionary
              </a>
            </li>
            <li>
              <a
                href="https://cleasby-vigfusson-dictionary.vercel.app/"
                rel="noopener noreferrer"
                target="_blank"
              >
                Cleasby and Vigfusson Old Norse Dictionary
              </a>
            </li>
            <li>
              <a
                href="https://old-icelandic.vercel.app/"
                rel="noopener noreferrer"
                target="_blank"
              >
                A Concise Dictionary of Old Icelandic
              </a>
            </li>
            <li>
              <a
                href="https://github.com/stscoundrel/old-norse-alphabet"
                rel="noopener noreferrer"
                target="_blank"
              >
                Old Norse Alphabet
              </a>
            </li>
          </ul>
        </nav>
        <nav
          className="nav"
        >
          <h4
            className="navTitle"
          >
            Quick links
          </h4>
          <ul
            className="navColumns"
          >
            <li
              className="navColumnItem"
            >
              <a
                className="link"
                href="/letter/a"
                onClick={[Function]}
                onMouseEnter={[Function]}
                onTouchStart={[Function]}
              >
                a
              </a>
            </li>
            <li
              className="navColumnItem"
            >
              <a
                className="link"
                href="/letter/a2"
                onClick={[Function]}
                onMouseEnter={[Function]}
                onTouchStart={[Function]}
              >
                á
              </a>
            </li>
            <li
              className="navColumnItem"
            >
              <a
                className="link"
                href="/letter/b"
                onClick={[Function]}
                onMouseEnter={[Function]}
                onTouchStart={[Function]}
              >
                b
              </a>
            </li>
            <li
              className="navColumnItem"
            >
              <a
                className="link"
                href="/letter/d"
                onClick={[Function]}
                onMouseEnter={[Function]}
                onTouchStart={[Function]}
              >
                d
              </a>
            </li>
            <li
              className="navColumnItem"
            >
              <a
                className="link"
                href="/letter/e"
                onClick={[Function]}
                onMouseEnter={[Function]}
                onTouchStart={[Function]}
              >
                e
              </a>
            </li>
            <li
              className="navColumnItem"
            >
              <a
                className="link"
                href="/letter/e2"
                onClick={[Function]}
                onMouseEnter={[Function]}
                onTouchStart={[Function]}
              >
                é
              </a>
            </li>
            <li
              className="navColumnItem"
            >
              <a
                className="link"
                href="/letter/f"
                onClick={[Function]}
                onMouseEnter={[Function]}
                onTouchStart={[Function]}
              >
                f
              </a>
            </li>
            <li
              className="navColumnItem"
            >
              <a
                className="link"
                href="/letter/g"
                onClick={[Function]}
                onMouseEnter={[Function]}
                onTouchStart={[Function]}
              >
                g
              </a>
            </li>
            <li
              className="navColumnItem"
            >
              <a
                className="link"
                href="/letter/h"
                onClick={[Function]}
                onMouseEnter={[Function]}
                onTouchStart={[Function]}
              >
                h
              </a>
            </li>
            <li
              className="navColumnItem"
            >
              <a
                className="link"
                href="/letter/i"
                onClick={[Function]}
                onMouseEnter={[Function]}
                onTouchStart={[Function]}
              >
                i
              </a>
            </li>
            <li
              className="navColumnItem"
            >
              <a
                className="link"
                href="/letter/i2"
                onClick={[Function]}
                onMouseEnter={[Function]}
                onTouchStart={[Function]}
              >
                í
              </a>
            </li>
            <li
              className="navColumnItem"
            >
              <a
                className="link"
                href="/letter/j"
                onClick={[Function]}
                onMouseEnter={[Function]}
                onTouchStart={[Function]}
              >
                j
              </a>
            </li>
            <li
              className="navColumnItem"
            >
              <a
                className="link"
                href="/letter/k"
                onClick={[Function]}
                onMouseEnter={[Function]}
                onTouchStart={[Function]}
              >
                k
              </a>
            </li>
            <li
              className="navColumnItem"
            >
              <a
                className="link"
                href="/letter/l"
                onClick={[Function]}
                onMouseEnter={[Function]}
                onTouchStart={[Function]}
              >
                l
              </a>
            </li>
            <li
              className="navColumnItem"
            >
              <a
                className="link"
                href="/letter/m"
                onClick={[Function]}
                onMouseEnter={[Function]}
                onTouchStart={[Function]}
              >
                m
              </a>
            </li>
            <li
              className="navColumnItem"
            >
              <a
                className="link"
                href="/letter/n"
                onClick={[Function]}
                onMouseEnter={[Function]}
                onTouchStart={[Function]}
              >
                n
              </a>
            </li>
            <li
              className="navColumnItem"
            >
              <a
                className="link"
                href="/letter/o"
                onClick={[Function]}
                onMouseEnter={[Function]}
                onTouchStart={[Function]}
              >
                o
              </a>
            </li>
            <li
              className="navColumnItem"
            >
              <a
                className="link"
                href="/letter/o2"
                onClick={[Function]}
                onMouseEnter={[Function]}
                onTouchStart={[Function]}
              >
                ó
              </a>
            </li>
            <li
              className="navColumnItem"
            >
              <a
                className="link"
                href="/letter/p"
                onClick={[Function]}
                onMouseEnter={[Function]}
                onTouchStart={[Function]}
              >
                p
              </a>
            </li>
            <li
              className="navColumnItem"
            >
              <a
                className="link"
                href="/letter/r"
                onClick={[Function]}
                onMouseEnter={[Function]}
                onTouchStart={[Function]}
              >
                r
              </a>
            </li>
            <li
              className="navColumnItem"
            >
              <a
                className="link"
                href="/letter/s"
                onClick={[Function]}
                onMouseEnter={[Function]}
                onTouchStart={[Function]}
              >
                s
              </a>
            </li>
            <li
              className="navColumnItem"
            >
              <a
                className="link"
                href="/letter/t"
                onClick={[Function]}
                onMouseEnter={[Function]}
                onTouchStart={[Function]}
              >
                t
              </a>
            </li>
            <li
              className="navColumnItem"
            >
              <a
                className="link"
                href="/letter/u"
                onClick={[Function]}
                onMouseEnter={[Function]}
                onTouchStart={[Function]}
              >
                u
              </a>
            </li>
            <li
              className="navColumnItem"
            >
              <a
                className="link"
                href="/letter/u2"
                onClick={[Function]}
                onMouseEnter={[Function]}
                onTouchStart={[Function]}
              >
                ú
              </a>
            </li>
            <li
              className="navColumnItem"
            >
              <a
                className="link"
                href="/letter/v"
                onClick={[Function]}
                onMouseEnter={[Function]}
                onTouchStart={[Function]}
              >
                v
              </a>
            </li>
            <li
              className="navColumnItem"
            >
              <a
                className="link"
                href="/letter/y"
                onClick={[Function]}
                onMouseEnter={[Function]}
                onTouchStart={[Function]}
              >
                y
              </a>
            </li>
            <li
              className="navColumnItem"
            >
              <a
                className="link"
                href="/letter/y2"
                onClick={[Function]}
                onMouseEnter={[Function]}
                onTouchStart={[Function]}
              >
                ý
              </a>
            </li>
            <li
              className="navColumnItem"
            >
              <a
                className="link"
                href="/letter/th"
                onClick={[Function]}
                onMouseEnter={[Function]}
                onTouchStart={[Function]}
              >
                þ
              </a>
            </li>
            <li
              className="navColumnItem"
            >
              <a
                className="link"
                href="/letter/ae"
                onClick={[Function]}
                onMouseEnter={[Function]}
                onTouchStart={[Function]}
              >
                æ
              </a>
            </li>
            <li
              className="navColumnItem"
            >
              <a
                className="link"
                href="/letter/oe3"
                onClick={[Function]}
                onMouseEnter={[Function]}
                onTouchStart={[Function]}
              >
                œ
              </a>
            </li>
            <li
              className="navColumnItem"
            >
              <a
                className="link"
                href="/letter/oe"
                onClick={[Function]}
                onMouseEnter={[Function]}
                onTouchStart={[Function]}
              >
                ö
              </a>
            </li>
          </ul>
        </nav>
      </div>
      <small
        className="copyright"
      >
        Copyright © 2022 - 2021
        <br />
        <a
          href="https://github.com/stscoundrel"
          rel="noopener noreferrer"
          target="_blank"
        >
          Sampo Silvennoinen / StScoundrel
        </a>
      </small>
    </div>
  </footer>,
]
`;
