// Jest Snapshot v1, https://goo.gl/fbAQLP

exports[`Head component Matches snapshot 1`] = `null`;
