// Jest Snapshot v1, https://goo.gl/fbAQLP

exports[`Navigation component Matches snapshot 1`] = `
[
  <div
    className="topBarSpacer"
  />,
  <nav
    className="section"
  >
    <div
      className="topbar container"
    >
      <span
        style={
          {
            "background": "none",
            "border": 0,
            "boxSizing": "border-box",
            "display": "inline-block",
            "height": "initial",
            "margin": 0,
            "maxWidth": "100%",
            "opacity": 1,
            "overflow": "hidden",
            "padding": 0,
            "position": "relative",
            "width": "initial",
          }
        }
      >
        <span
          style={
            {
              "background": "none",
              "border": 0,
              "boxSizing": "border-box",
              "display": "block",
              "height": "initial",
              "margin": 0,
              "maxWidth": "100%",
              "opacity": 1,
              "padding": 0,
              "width": "initial",
            }
          }
        >
          <img
            alt=""
            aria-hidden={true}
            src="data:image/svg+xml,%3csvg%20xmlns=%27http://www.w3.org/2000/svg%27%20version=%271.1%27%20width=%2730%27%20height=%2730%27/%3e"
            style={
              {
                "background": "none",
                "border": 0,
                "display": "block",
                "height": "initial",
                "margin": 0,
                "maxWidth": "100%",
                "opacity": 1,
                "padding": 0,
                "width": "initial",
              }
            }
          />
        </span>
        <img
          alt="To home"
          data-nimg="intrinsic"
          decoding="async"
          href="/"
          onClick={[Function]}
          onError={[Function]}
          onLoad={[Function]}
          onMouseEnter={[Function]}
          onTouchStart={[Function]}
          src="data:image/gif;base64,R0lGODlhAQABAIAAAAAAAP///yH5BAEAAAAALAAAAAABAAEAAAIBRAA7"
          style={
            {
              "border": "none",
              "bottom": 0,
              "boxSizing": "border-box",
              "display": "block",
              "height": 0,
              "left": 0,
              "margin": "auto",
              "maxHeight": "100%",
              "maxWidth": "100%",
              "minHeight": "100%",
              "minWidth": "100%",
              "objectFit": undefined,
              "objectPosition": undefined,
              "padding": 0,
              "position": "absolute",
              "right": 0,
              "top": 0,
              "width": 0,
            }
          }
        />
        <noscript>
          <img
            alt="To home"
            data-nimg="intrinsic"
            decoding="async"
            href="/"
            loading="lazy"
            onClick={[Function]}
            onMouseEnter={[Function]}
            onTouchStart={[Function]}
            src="/_next/image?url=%2Ffavicon-48x48.png&w=64&q=75"
            srcSet="/_next/image?url=%2Ffavicon-48x48.png&w=32&q=75 1x, /_next/image?url=%2Ffavicon-48x48.png&w=64&q=75 2x"
            style={
              {
                "border": "none",
                "bottom": 0,
                "boxSizing": "border-box",
                "display": "block",
                "height": 0,
                "left": 0,
                "margin": "auto",
                "maxHeight": "100%",
                "maxWidth": "100%",
                "minHeight": "100%",
                "minWidth": "100%",
                "objectFit": undefined,
                "objectPosition": undefined,
                "padding": 0,
                "position": "absolute",
                "right": 0,
                "top": 0,
                "width": 0,
              }
            }
          />
        </noscript>
      </span>
      <div
        aria-label="Open menu"
        className="hamburger"
        onClick={[Function]}
        role="button"
      >
        <span
          className="part"
        />
        <span
          className="part"
        />
        <span
          className="part"
        />
      </div>
    </div>
    <div
      className="content null container"
    >
      <ul
        className="list"
      >
        <li
          className="listItem"
        >
          <a
            className="link"
            href="/letter/a"
            onClick={[Function]}
            onMouseEnter={[Function]}
            onTouchStart={[Function]}
          >
            a
          </a>
        </li>
        <li
          className="listItem"
        >
          <a
            className="link"
            href="/letter/a2"
            onClick={[Function]}
            onMouseEnter={[Function]}
            onTouchStart={[Function]}
          >
            á
          </a>
        </li>
        <li
          className="listItem"
        >
          <a
            className="link"
            href="/letter/b"
            onClick={[Function]}
            onMouseEnter={[Function]}
            onTouchStart={[Function]}
          >
            b
          </a>
        </li>
        <li
          className="listItem"
        >
          <a
            className="link"
            href="/letter/d"
            onClick={[Function]}
            onMouseEnter={[Function]}
            onTouchStart={[Function]}
          >
            d
          </a>
        </li>
        <li
          className="listItem"
        >
          <a
            className="link"
            href="/letter/e"
            onClick={[Function]}
            onMouseEnter={[Function]}
            onTouchStart={[Function]}
          >
            e
          </a>
        </li>
        <li
          className="listItem"
        >
          <a
            className="link"
            href="/letter/e2"
            onClick={[Function]}
            onMouseEnter={[Function]}
            onTouchStart={[Function]}
          >
            é
          </a>
        </li>
        <li
          className="listItem"
        >
          <a
            className="link"
            href="/letter/f"
            onClick={[Function]}
            onMouseEnter={[Function]}
            onTouchStart={[Function]}
          >
            f
          </a>
        </li>
        <li
          className="listItem"
        >
          <a
            className="link"
            href="/letter/g"
            onClick={[Function]}
            onMouseEnter={[Function]}
            onTouchStart={[Function]}
          >
            g
          </a>
        </li>
        <li
          className="listItem"
        >
          <a
            className="link"
            href="/letter/h"
            onClick={[Function]}
            onMouseEnter={[Function]}
            onTouchStart={[Function]}
          >
            h
          </a>
        </li>
        <li
          className="listItem"
        >
          <a
            className="link"
            href="/letter/i"
            onClick={[Function]}
            onMouseEnter={[Function]}
            onTouchStart={[Function]}
          >
            i
          </a>
        </li>
        <li
          className="listItem"
        >
          <a
            className="link"
            href="/letter/i2"
            onClick={[Function]}
            onMouseEnter={[Function]}
            onTouchStart={[Function]}
          >
            í
          </a>
        </li>
        <li
          className="listItem"
        >
          <a
            className="link"
            href="/letter/j"
            onClick={[Function]}
            onMouseEnter={[Function]}
            onTouchStart={[Function]}
          >
            j
          </a>
        </li>
        <li
          className="listItem"
        >
          <a
            className="link"
            href="/letter/k"
            onClick={[Function]}
            onMouseEnter={[Function]}
            onTouchStart={[Function]}
          >
            k
          </a>
        </li>
        <li
          className="listItem"
        >
          <a
            className="link"
            href="/letter/l"
            onClick={[Function]}
            onMouseEnter={[Function]}
            onTouchStart={[Function]}
          >
            l
          </a>
        </li>
        <li
          className="listItem"
        >
          <a
            className="link"
            href="/letter/m"
            onClick={[Function]}
            onMouseEnter={[Function]}
            onTouchStart={[Function]}
          >
            m
          </a>
        </li>
        <li
          className="listItem"
        >
          <a
            className="link"
            href="/letter/n"
            onClick={[Function]}
            onMouseEnter={[Function]}
            onTouchStart={[Function]}
          >
            n
          </a>
        </li>
        <li
          className="listItem"
        >
          <a
            className="link"
            href="/letter/o"
            onClick={[Function]}
            onMouseEnter={[Function]}
            onTouchStart={[Function]}
          >
            o
          </a>
        </li>
        <li
          className="listItem"
        >
          <a
            className="link"
            href="/letter/o2"
            onClick={[Function]}
            onMouseEnter={[Function]}
            onTouchStart={[Function]}
          >
            ó
          </a>
        </li>
        <li
          className="listItem"
        >
          <a
            className="link"
            href="/letter/p"
            onClick={[Function]}
            onMouseEnter={[Function]}
            onTouchStart={[Function]}
          >
            p
          </a>
        </li>
        <li
          className="listItem"
        >
          <a
            className="link"
            href="/letter/r"
            onClick={[Function]}
            onMouseEnter={[Function]}
            onTouchStart={[Function]}
          >
            r
          </a>
        </li>
        <li
          className="listItem"
        >
          <a
            className="link"
            href="/letter/s"
            onClick={[Function]}
            onMouseEnter={[Function]}
            onTouchStart={[Function]}
          >
            s
          </a>
        </li>
        <li
          className="listItem"
        >
          <a
            className="link"
            href="/letter/t"
            onClick={[Function]}
            onMouseEnter={[Function]}
            onTouchStart={[Function]}
          >
            t
          </a>
        </li>
        <li
          className="listItem"
        >
          <a
            className="link"
            href="/letter/u"
            onClick={[Function]}
            onMouseEnter={[Function]}
            onTouchStart={[Function]}
          >
            u
          </a>
        </li>
        <li
          className="listItem"
        >
          <a
            className="link"
            href="/letter/u2"
            onClick={[Function]}
            onMouseEnter={[Function]}
            onTouchStart={[Function]}
          >
            ú
          </a>
        </li>
        <li
          className="listItem"
        >
          <a
            className="link"
            href="/letter/v"
            onClick={[Function]}
            onMouseEnter={[Function]}
            onTouchStart={[Function]}
          >
            v
          </a>
        </li>
        <li
          className="listItem"
        >
          <a
            className="link"
            href="/letter/y"
            onClick={[Function]}
            onMouseEnter={[Function]}
            onTouchStart={[Function]}
          >
            y
          </a>
        </li>
        <li
          className="listItem"
        >
          <a
            className="link"
            href="/letter/y2"
            onClick={[Function]}
            onMouseEnter={[Function]}
            onTouchStart={[Function]}
          >
            ý
          </a>
        </li>
        <li
          className="listItem"
        >
          <a
            className="link"
            href="/letter/th"
            onClick={[Function]}
            onMouseEnter={[Function]}
            onTouchStart={[Function]}
          >
            þ
          </a>
        </li>
        <li
          className="listItem"
        >
          <a
            className="link"
            href="/letter/ae"
            onClick={[Function]}
            onMouseEnter={[Function]}
            onTouchStart={[Function]}
          >
            æ
          </a>
        </li>
        <li
          className="listItem"
        >
          <a
            className="link"
            href="/letter/oe3"
            onClick={[Function]}
            onMouseEnter={[Function]}
            onTouchStart={[Function]}
          >
            œ
          </a>
        </li>
        <li
          className="listItem"
        >
          <a
            className="link"
            href="/letter/oe"
            onClick={[Function]}
            onMouseEnter={[Function]}
            onTouchStart={[Function]}
          >
            ö
          </a>
        </li>
      </ul>
      <form
        className="form"
        onSubmit={[Function]}
      >
        <input
          aria-label="Search"
          className="input"
          name="search"
          onChange={[Function]}
          type="search"
          value=""
        />
        <button
          className="button button--secondary button--no-margs"
          name="submit"
          type="submit"
        >
          Search
        </button>
      </form>
    </div>
  </nav>,
]
`;
