// Jest Snapshot v1, https://goo.gl/fbAQLP

exports[`Crosslinks component Matches the snapshot 1`] = `
[
  <h4>
    Also available in related dictionaries:
  </h4>,
  <p>
    This headword also appears in dictionaries of other languages related to Old Norwegian.
  </p>,
  <ul
    className="list"
  >
    <li
      className="listItem"
    >
      <a
        href="https://old-swedish-dictionary.vercel.app/word/fadhir"
        rel="noopener noreferrer"
        target="_blank"
      >
        Old Swedish - K.F Söderwall's Dictionary
      </a>
    </li>
    <li
      className="listItem"
    >
      <a
        href="https://old-icelandic.vercel.app/word/fadir"
        rel="noopener noreferrer"
        target="_blank"
      >
        Old Icelandic - Geir Zoëga's Dictionary
      </a>
    </li>
    <li
      className="listItem"
    >
      <a
        href="https://cleasby-vigfusson-dictionary.vercel.app/word/fadir"
        rel="noopener noreferrer"
        target="_blank"
      >
        Old Norse - Cleasby & Vigfusson Dictionary
      </a>
    </li>
  </ul>,
]
`;
